src/app/admin/recommendations/page.tsx(15,31): error TS2306: File 'C:/Users/USER/Desktop/RAON.I/src/types/supabase.ts' is not a module.
src/app/admin/sites/[id]/page.tsx(6,26): error TS2306: File 'C:/Users/USER/Desktop/RAON.I/src/types/supabase.ts' is not a module.
src/app/admin/sites/page.tsx(5,26): error TS2306: File 'C:/Users/USER/Desktop/RAON.I/src/types/supabase.ts' is not a module.
src/components/home/BeginnerHome.tsx(28,26): error TS2306: File 'C:/Users/USER/Desktop/RAON.I/src/types/supabase.ts' is not a module.
src/components/home/RecommendationGrid.tsx(5,26): error TS2306: File 'C:/Users/USER/Desktop/RAON.I/src/types/supabase.ts' is not a module.
src/components/home/ReturningHome.tsx(21,26): error TS2306: File 'C:/Users/USER/Desktop/RAON.I/src/types/supabase.ts' is not a module.
src/hooks/usePersonalizedRecommendation.ts(3,26): error TS2306: File 'C:/Users/USER/Desktop/RAON.I/src/types/supabase.ts' is not a module.
src/hooks/useSiteConfig.ts(2,26): error TS2306: File 'C:/Users/USER/Desktop/RAON.I/src/types/supabase.ts' is not a module.
src/services/communityService.ts(4,26): error TS2306: File 'C:/Users/USER/Desktop/RAON.I/src/types/supabase.ts' is not a module.
src/services/creatorService.ts(7,26): error TS2306: File 'C:/Users/USER/Desktop/RAON.I/src/types/supabase.ts' is not a module.
src/store/useReservationStore.ts(6,26): error TS2306: File 'C:/Users/USER/Desktop/RAON.I/src/types/supabase.ts' is not a module.
