
> raon-app@0.1.0 build
> next build

npm : [baseline-brow
ser-mapping] The dat
a in this module is 
over two months old.
  To ensure accurate
 Baseline data, plea
se update: `npm i ba
seline-browser-mappi
ng@latest -D`
위치 줄:1 문자:1
+ npm run build > bu
ild_output.log 2>&1
+ ~~~~~~~~~~~~~~~~~~
~~~~~~~~~~~~~~~~~~~
    + CategoryInfo  
            : NotS  
  pecified: ([bas   
 eline-brows...p    
ing@latest -D`:    S
tring) [], Rem    ot
eException
    + FullyQualifie 
   dErrorId : Nati  
  veCommandError
 
 ??Warning: Next.js 
inferred your worksp
ace root, but it may
 not be correct.
 We detected multipl
e lockfiles and sele
cted the directory o
f C:\Users\USER\pack
age-lock.json as the
 root directory.
 To silence this war
ning, set `turbopack
.root` in your Next.
js config, or consid
er removing one of t
he lockfiles if it's
 not needed.
   See https://nextj
s.org/docs/app/api-r
eference/config/next
-config-js/turbopack
#root-directory for 
more information.
 Detected additional
 lockfiles: 
   * C:\Users\USER\D
esktop\RAON.I\packag
e-lock.json

   ??Next.js 16.0.5 (Turbopack)
   - Environments: .env.local

 ??The "middleware" 
file convention is d
eprecated. Please us
e "proxy" instead. L
earn more: https://n
extjs.org/docs/messa
ges/middleware-to-pr
oxy
   Creating an optimized production build ...
[baseline-browser-ma
pping] The data in t
his module is over t
wo months old.  To e
nsure accurate Basel
ine data, please upd
ate: `npm i baseline
-browser-mapping@lat
est -D`
 ??Compiled successfully in 8.9s
   Running TypeScript ...
Failed to compile.

./src/components/adm
in/ReservationCard.t
sx:19:20
Type error: Property
 'addPoints' does no
t exist on type 'MyS
paceState'.

[0m [90m 17 |[39m
 [36mexport[39m [
36mdefault[39m [36
mfunction[39m [33m
ReservationCard[39m
({ reservation }[33
m:[39m [33mReserva
tionCardProps[39m) 
{
 [90m 18 |[39m    
 [36mconst[39m { u
pdateReservationStat
us } [33m=[39m use
ReservationStore()[
33m;[39m
[31m[1m>[22m[39m
[90m 19 |[39m     
[36mconst[39m { ad
dXp[33m,[39m addPo
ints } [33m=[39m u
seMySpaceStore()[33
m;[39m
 [90m    |[39m    
                [31
m[1m^[22m[39m
 [90m 20 |[39m    
 [36mconst[39m sit
e [33m=[39m [33mS
ITES[39m[33m.[39m
find(s [33m=>[39m 
s[33m.[39mid [33m
===[39m reservation
[33m.[39msiteId)[
33m;[39m
 [90m 21 |[39m    
 [36mconst[39m [co
nfirmStep[33m,[39m
 setConfirmStep] [3
3m=[39m useState[3
3m<[39m[32m'IDLE'
[39m [33m|[39m [3
2m'CONFIRMING'[39m 
[33m|[39m [32m'CA
NCELLING'[39m[33m>
[39m([32m'IDLE'[3
9m)[33m;[39m
 [90m 22 |[39m[0m
Next.js build worker
 exited with code: 1
 and signal: null
