src/app/api/nearby-events/route.ts(127,17): error TS2322: Type '{ id: string; title: any; description: string; location: any; latitude: number; longitude: number; start_date: string; end_date: string; image_url: any; phone: any; detail_url: string; source: string; }[]' is not assignable to type 'NormalizedEvent[]'.
  Type '{ id: string; title: any; description: string; location: any; latitude: number; longitude: number; start_date: string; end_date: string; image_url: any; phone: any; detail_url: string; source: string; }' is not assignable to type 'NormalizedEvent'.
    Types of property 'source' are incompatible.
      Type 'string' is not assignable to type '"tourapi" | "performance" | "festival"'.
src/app/api/nearby-events/route.ts(140,28): error TS2769: No overload matches this call.
  Overload 1 of 2, '(predicate: (value: { id: string; title: any; description: string; location: any; latitude: number; longitude: number; start_date: string; end_date: string; image_url: any; phone: any; detail_url: string; source: string; }, index: number, array: { ...; }[]) => value is { ...; }, thisArg?: any): { ...; }[]', gave the following error.
    Argument of type '(e: NormalizedEvent) => boolean' is not assignable to parameter of type '(value: { id: string; title: any; description: string; location: any; latitude: number; longitude: number; start_date: string; end_date: string; image_url: any; phone: any; detail_url: string; source: string; }, index: number, array: { ...; }[]) => value is { ...; }'.
      Types of parameters 'e' and 'value' are incompatible.
        Type '{ id: string; title: any; description: string; location: any; latitude: number; longitude: number; start_date: string; end_date: string; image_url: any; phone: any; detail_url: string; source: string; }' is not assignable to type 'NormalizedEvent'.
          Types of property 'source' are incompatible.
            Type 'string' is not assignable to type '"tourapi" | "performance" | "festival"'.
  Overload 2 of 2, '(predicate: (value: { id: string; title: any; description: string; location: any; latitude: number; longitude: number; start_date: string; end_date: string; image_url: any; phone: any; detail_url: string; source: string; }, index: number, array: { ...; }[]) => unknown, thisArg?: any): { ...; }[]', gave the following error.
    Argument of type '(e: NormalizedEvent) => boolean' is not assignable to parameter of type '(value: { id: string; title: any; description: string; location: any; latitude: number; longitude: number; start_date: string; end_date: string; image_url: any; phone: any; detail_url: string; source: string; }, index: number, array: { ...; }[]) => unknown'.
      Types of parameters 'e' and 'value' are incompatible.
        Type '{ id: string; title: any; description: string; location: any; latitude: number; longitude: number; start_date: string; end_date: string; image_url: any; phone: any; detail_url: string; source: string; }' is not assignable to type 'NormalizedEvent'.
          Types of property 'source' are incompatible.
            Type 'string' is not assignable to type '"tourapi" | "performance" | "festival"'.
src/components/myspace/MealRecommendationWidget.tsx(4,10): error TS2305: Module '"@/lib/meal-recommendation"' has no exported member 'MealRecommend'.
src/components/myspace/MealRecommendationWidget.tsx(83,90): error TS7006: Parameter 'tag' implicitly has an 'any' type.
src/components/myspace/MealRecommendationWidget.tsx(83,95): error TS7006: Parameter 'idx' implicitly has an 'any' type.
src/lib/meal-recommendation.ts(1,29): error TS2307: Cannot find module '@/types/weather' or its corresponding type declarations.
